Content-Type: text/plain
layer at (0,0) size 800x600
  RenderView at (0,0) size 800x600
layer at (0,0) size 800x91
  RenderBlock {HTML} at (0,0) size 800x91
    RenderBody {BODY} at (8,8) size 784x75
      RenderBlock (anonymous) at (0,0) size 784x0
        RenderInline {SPAN} at (0,0) size 0x0
          RenderText {#text} at (0,0) size 0x0
      RenderBlock (anonymous) at (0,0) size 784x18
        RenderBlock {DIV} at (0,0) size 784x18 [color=#FFFF00] [bgcolor=#FF0000]
          RenderBlock {DIV} at (0,0) size 784x18
            RenderText {#text} at (0,0) size 40x18
              text run at (0,0) width 40: "Test"
      RenderBlock (anonymous) at (0,18) size 784x0
        RenderInline {SPAN} at (0,0) size 0x0
          RenderText {#text} at (0,0) size 0x0
        RenderText {#text} at (0,0) size 0x0
        RenderInline {SPAN} at (0,0) size 0x0
          RenderText {#text} at (0,0) size 0x0
      RenderBlock (anonymous) at (0,18) size 784x18
        RenderBlock {DIV} at (0,0) size 784x18 [bgcolor=#808080]
          RenderBlock {DIV} at (0,0) size 784x18
            RenderText {#text} at (0,0) size 40x18
              text run at (0,0) width 40: "Test"
      RenderBlock (anonymous) at (0,36) size 784x0
        RenderInline {SPAN} at (0,0) size 0x0
          RenderText {#text} at (0,0) size 0x0
        RenderText {#text} at (0,0) size 0x0
        RenderInline {SPAN} at (0,0) size 0x0
          RenderText {#text} at (0,0) size 0x0
      RenderBlock (anonymous) at (0,36) size 784x39
        RenderBlock {DIV} at (0,0) size 784x39 [bgcolor=#808080]
          RenderBlock {DIV} at (0,0) size 784x39 [color=#008000] [bgcolor=#0000FF]
            RenderText {#text} at (0,0) size 88x39
              text run at (0,0) width 88: "Test"
      RenderBlock (anonymous) at (0,75) size 784x0
        RenderInline {SPAN} at (0,0) size 0x0
          RenderText {#text} at (0,0) size 0x0
        RenderText {#text} at (0,0) size 0x0
        RenderText {#text} at (0,0) size 0x0
